{
  "version": "1.5.0",
  "plugins_used": [
    {
      "name": "ArtifactoryDetector"
    },
    {
      "name": "AWSKeyDetector"
    },
    {
      "name": "AzureStorageKeyDetector"
    },
    {
      "name": "Base64HighEntropyString",
      "limit": 4.5
    },
    {
      "name": "BasicAuthDetector"
    },
    {
      "name": "CloudantDetector"
    },
    {
      "name": "DiscordBotTokenDetector"
    },
    {
      "name": "GitHubTokenDetector"
    },
    {
      "name": "GitLabTokenDetector"
    },
    {
      "name": "HexHighEntropyString",
      "limit": 3.0
    },
    {
      "name": "IbmCloudIamDetector"
    },
    {
      "name": "IbmCosHmacDetector"
    },
    {
      "name": "IPPublicDetector"
    },
    {
      "name": "JwtTokenDetector"
    },
    {
      "name": "KeywordDetector",
      "keyword_exclude": ""
    },
    {
      "name": "MailchimpDetector"
    },
    {
      "name": "NpmDetector"
    },
    {
      "name": "OpenAIDetector"
    },
    {
      "name": "PrivateKeyDetector"
    },
    {
      "name": "PypiTokenDetector"
    },
    {
      "name": "SendGridDetector"
    },
    {
      "name": "SlackDetector"
    },
    {
      "name": "SoftlayerDetector"
    },
    {
      "name": "SquareOAuthDetector"
    },
    {
      "name": "StripeDetector"
    },
    {
      "name": "TelegramBotTokenDetector"
    },
    {
      "name": "TwilioKeyDetector"
    }
  ],
  "filters_used": [
    {
      "path": "detect_secrets.filters.allowlist.is_line_allowlisted"
    },
    {
      "path": "detect_secrets.filters.common.is_baseline_file",
      "filename": "/home/antonio/repos/wallac-victor2-api/.secrets.baseline"
    },
    {
      "path": "detect_secrets.filters.common.is_ignored_due_to_verification_policies",
      "min_level": 2
    },
    {
      "path": "detect_secrets.filters.heuristic.is_indirect_reference"
    },
    {
      "path": "detect_secrets.filters.heuristic.is_likely_id_string"
    },
    {
      "path": "detect_secrets.filters.heuristic.is_lock_file"
    },
    {
      "path": "detect_secrets.filters.heuristic.is_not_alphanumeric_string"
    },
    {
      "path": "detect_secrets.filters.heuristic.is_potential_uuid"
    },
    {
      "path": "detect_secrets.filters.heuristic.is_prefixed_with_dollar_sign"
    },
    {
      "path": "detect_secrets.filters.heuristic.is_sequential_string"
    },
    {
      "path": "detect_secrets.filters.heuristic.is_swagger_file"
    },
    {
      "path": "detect_secrets.filters.heuristic.is_templated_secret"
    },
    {
      "path": "detect_secrets.filters.regex.should_exclude_file",
      "pattern": [
        ".secrets.baseline",
        "scripts/bootstrap/test_hooks.py"
      ]
    }
  ],
  "results": {
    "Makefile": [
      {
        "type": "Secret Keyword",
        "filename": "Makefile",
        "hashed_secret": "288c53a590dead0d90e308986f69d6c848848776",
        "is_verified": false,
        "line_number": 35
      }
    ],
    "tests/test_bridge_hardening.py": [
      {
        "type": "Secret Keyword",
        "filename": "tests/test_bridge_hardening.py",
        "hashed_secret": "c53efa3a81896237f0197ed8c9a948cc6bb4762a",
        "is_verified": false,
        "line_number": 39
      },
      {
        "type": "Secret Keyword",
        "filename": "tests/test_bridge_hardening.py",
        "hashed_secret": "8265ab7533c6c0147f5442312600db51177b5c5e",
        "is_verified": false,
        "line_number": 63
      }
    ],
    "tests/test_designer.py": [
      {
        "type": "Secret Keyword",
        "filename": "tests/test_designer.py",
        "hashed_secret": "8265ab7533c6c0147f5442312600db51177b5c5e",
        "is_verified": false,
        "line_number": 756
      }
    ],
    "tests/test_durable_integration.py": [
      {
        "type": "Secret Keyword",
        "filename": "tests/test_durable_integration.py",
        "hashed_secret": "8265ab7533c6c0147f5442312600db51177b5c5e",
        "is_verified": false,
        "line_number": 466
      }
    ],
    "tests/test_security_fixes.py": [
      {
        "type": "Secret Keyword",
        "filename": "tests/test_security_fixes.py",
        "hashed_secret": "3acfb2c2b433c0ea7ff107e33df91b18e52f960f",
        "is_verified": false,
        "line_number": 294
      }
    ]
  },
  "generated_at": "2026-08-03T08:45:25Z"
}
